name: Godot Editor Icons (Types)
description: |-
  Icon colors based on Godot editor theme
  <https://docs.godotengine.org/en/stable/development/editor/creating_icons.html>
category: Type
colors:
  - name:  Variant
    dark:  0x69ecbd
    light: 0x25e3a0
  - name:  Bool
    dark:  0x8da6f0
    light: 0x6d8eeb
  - name:  Int
    dark:  0x7dc6ef
    light: 0x4fb2e9
  - name:  Float
    dark:  0x61daf4
    light: 0x27ccf0
  - name:  String
    dark:  0x6ba7ec
    light: 0x4690e7
  - name:  Vector2
    dark:  0xbd91f1
    light: 0xad76ee
  - name:  Rect
    dark:  0xf191a5
    light: 0xee758e
  - name:  Vector3
    dark:  0xe286f0
    light: 0xdc6aed
  - name:  Transform2D
    dark:  0xc4ec69
    light: 0x96ce1a
  - name:  Plane
    dark:  0xf77070
    light: 0xf77070
  - name:  Quat
    dark:  0xec69a3
    light: 0xec69a3
  - name:  AABB
    dark:  0xee7991
    light: 0xee7991
  - name:  Basis
    dark:  0xe3ec69
    light: 0xb2bb19
  - name:  Transform
    dark:  0xf6a86e
    light: 0xf49047
  - name:  Path
    dark:  0x6993ec
    light: 0x6993ec
  - name:  RID
    dark:  0x69ec9a
    light: 0x2ce573
  - name:  Object
    dark:  0x79f3e8
    light: 0x12d5c3
